Archive member included to satisfy reference by file (symbol)

C:/Develop/software/STM32CubeCLT_1.16.0/GNU-tools-for-STM32/bin/../lib/gcc/arm-none-eabi/12.3.1/../../../../arm-none-eabi/lib/thumb/v7e-m+fp/hard\libc_nano.a(libc_a-exit.o)
                              C:/Develop/software/STM32CubeCLT_1.16.0/GNU-tools-for-STM32/bin/../lib/gcc/arm-none-eabi/12.3.1/../../../../arm-none-eabi/lib/thumb/v7e-m+fp/hard/crt0.o (exit)
C:/Develop/software/STM32CubeCLT_1.16.0/GNU-tools-for-STM32/bin/../lib/gcc/arm-none-eabi/12.3.1/../../../../arm-none-eabi/lib/thumb/v7e-m+fp/hard\libc_nano.a(libc_a-findfp.o)
                              C:/Develop/software/STM32CubeCLT_1.16.0/GNU-tools-for-STM32/bin/../lib/gcc/arm-none-eabi/12.3.1/../../../../arm-none-eabi/lib/thumb/v7e-m+fp/hard\libc_nano.a(libc_a-exit.o) (__stdio_exit_handler)
C:/Develop/software/STM32CubeCLT_1.16.0/GNU-tools-for-STM32/bin/../lib/gcc/arm-none-eabi/12.3.1/../../../../arm-none-eabi/lib/thumb/v7e-m+fp/hard\libc_nano.a(libc_a-fwalk.o)
                              C:/Develop/software/STM32CubeCLT_1.16.0/GNU-tools-for-STM32/bin/../lib/gcc/arm-none-eabi/12.3.1/../../../../arm-none-eabi/lib/thumb/v7e-m+fp/hard\libc_nano.a(libc_a-findfp.o) (_fwalk_sglue)
C:/Develop/software/STM32CubeCLT_1.16.0/GNU-tools-for-STM32/bin/../lib/gcc/arm-none-eabi/12.3.1/../../../../arm-none-eabi/lib/thumb/v7e-m+fp/hard\libc_nano.a(libc_a-stdio.o)
                              C:/Develop/software/STM32CubeCLT_1.16.0/GNU-tools-for-STM32/bin/../lib/gcc/arm-none-eabi/12.3.1/../../../../arm-none-eabi/lib/thumb/v7e-m+fp/hard\libc_nano.a(libc_a-findfp.o) (__sread)
C:/Develop/software/STM32CubeCLT_1.16.0/GNU-tools-for-STM32/bin/../lib/gcc/arm-none-eabi/12.3.1/../../../../arm-none-eabi/lib/thumb/v7e-m+fp/hard\libc_nano.a(libc_a-memset.o)
                              C:/Develop/software/STM32CubeCLT_1.16.0/GNU-tools-for-STM32/bin/../lib/gcc/arm-none-eabi/12.3.1/../../../../arm-none-eabi/lib/thumb/v7e-m+fp/hard/crt0.o (memset)
C:/Develop/software/STM32CubeCLT_1.16.0/GNU-tools-for-STM32/bin/../lib/gcc/arm-none-eabi/12.3.1/../../../../arm-none-eabi/lib/thumb/v7e-m+fp/hard\libc_nano.a(libc_a-closer.o)
                              C:/Develop/software/STM32CubeCLT_1.16.0/GNU-tools-for-STM32/bin/../lib/gcc/arm-none-eabi/12.3.1/../../../../arm-none-eabi/lib/thumb/v7e-m+fp/hard\libc_nano.a(libc_a-stdio.o) (_close_r)
C:/Develop/software/STM32CubeCLT_1.16.0/GNU-tools-for-STM32/bin/../lib/gcc/arm-none-eabi/12.3.1/../../../../arm-none-eabi/lib/thumb/v7e-m+fp/hard\libc_nano.a(libc_a-reent.o)
                              C:/Develop/software/STM32CubeCLT_1.16.0/GNU-tools-for-STM32/bin/../lib/gcc/arm-none-eabi/12.3.1/../../../../arm-none-eabi/lib/thumb/v7e-m+fp/hard\libc_nano.a(libc_a-closer.o) (errno)
C:/Develop/software/STM32CubeCLT_1.16.0/GNU-tools-for-STM32/bin/../lib/gcc/arm-none-eabi/12.3.1/../../../../arm-none-eabi/lib/thumb/v7e-m+fp/hard\libc_nano.a(libc_a-impure.o)
                              C:/Develop/software/STM32CubeCLT_1.16.0/GNU-tools-for-STM32/bin/../lib/gcc/arm-none-eabi/12.3.1/../../../../arm-none-eabi/lib/thumb/v7e-m+fp/hard\libc_nano.a(libc_a-reent.o) (_impure_ptr)
C:/Develop/software/STM32CubeCLT_1.16.0/GNU-tools-for-STM32/bin/../lib/gcc/arm-none-eabi/12.3.1/../../../../arm-none-eabi/lib/thumb/v7e-m+fp/hard\libc_nano.a(libc_a-lseekr.o)
                              C:/Develop/software/STM32CubeCLT_1.16.0/GNU-tools-for-STM32/bin/../lib/gcc/arm-none-eabi/12.3.1/../../../../arm-none-eabi/lib/thumb/v7e-m+fp/hard\libc_nano.a(libc_a-stdio.o) (_lseek_r)
C:/Develop/software/STM32CubeCLT_1.16.0/GNU-tools-for-STM32/bin/../lib/gcc/arm-none-eabi/12.3.1/../../../../arm-none-eabi/lib/thumb/v7e-m+fp/hard\libc_nano.a(libc_a-readr.o)
                              C:/Develop/software/STM32CubeCLT_1.16.0/GNU-tools-for-STM32/bin/../lib/gcc/arm-none-eabi/12.3.1/../../../../arm-none-eabi/lib/thumb/v7e-m+fp/hard\libc_nano.a(libc_a-stdio.o) (_read_r)
C:/Develop/software/STM32CubeCLT_1.16.0/GNU-tools-for-STM32/bin/../lib/gcc/arm-none-eabi/12.3.1/../../../../arm-none-eabi/lib/thumb/v7e-m+fp/hard\libc_nano.a(libc_a-writer.o)
                              C:/Develop/software/STM32CubeCLT_1.16.0/GNU-tools-for-STM32/bin/../lib/gcc/arm-none-eabi/12.3.1/../../../../arm-none-eabi/lib/thumb/v7e-m+fp/hard\libc_nano.a(libc_a-stdio.o) (_write_r)
C:/Develop/software/STM32CubeCLT_1.16.0/GNU-tools-for-STM32/bin/../lib/gcc/arm-none-eabi/12.3.1/../../../../arm-none-eabi/lib/thumb/v7e-m+fp/hard\libc_nano.a(libc_a-init.o)
                              C:/Develop/software/STM32CubeCLT_1.16.0/GNU-tools-for-STM32/bin/../lib/gcc/arm-none-eabi/12.3.1/../../../../arm-none-eabi/lib/thumb/v7e-m+fp/hard/crt0.o (__libc_init_array)
C:/Develop/software/STM32CubeCLT_1.16.0/GNU-tools-for-STM32/bin/../lib/gcc/arm-none-eabi/12.3.1/../../../../arm-none-eabi/lib/thumb/v7e-m+fp/hard\libc_nano.a(libc_a-lock.o)
[...]
Memory Configuration

Name             Origin             Length             Attributes
RAM              0x20000000         0x00003000         xrw
CCMRAM           0x10000000         0x00001000         xrw
FLASH            0x08000000         0x00010000         xr
*default*        0x00000000         0xffffffff

Linker script and memory map

LOAD C:/Develop/software/STM32CubeCLT_1.16.0/GNU-tools-for-STM32/bin/../lib/gcc/arm-none-eabi/12.3.1/thumb/v7e-m+fp/hard/crti.o
LOAD C:/Develop/software/STM32CubeCLT_1.16.0/GNU-tools-for-STM32/bin/../lib/gcc/arm-none-eabi/12.3.1/thumb/v7e-m+fp/hard/crtbegin.o
LOAD C:/Develop/software/STM32CubeCLT_1.16.0/GNU-tools-for-STM32/bin/../lib/gcc/arm-none-eabi/12.3.1/../../../../arm-none-eabi/lib/thumb/v7e-m+fp/hard/crt0.o
START GROUP
LOAD C:/Develop/software/STM32CubeCLT_1.16.0/GNU-tools-for-STM32/bin/../lib/gcc/arm-none-eabi/12.3.1/../../../../arm-none-eabi/lib/thumb/v7e-m+fp/hard\libc_nano.a
LOAD C:/Develop/software/STM32CubeCLT_1.16.0/GNU-tools-for-STM32/bin/../lib/gcc/arm-none-eabi/12.3.1/../../../../arm-none-eabi/lib/thumb/v7e-m+fp/hard\libm.a
END GROUP
LOAD CMakeFiles/CatchRobo2024-Arm.dir/Core/Src/main.c.obj
LOAD CMakeFiles/CatchRobo2024-Arm.dir/Core/Src/stm32f3xx_it.c.obj
LOAD CMakeFiles/CatchRobo2024-Arm.dir/Core/Src/stm32f3xx_hal_msp.c.obj
LOAD CMakeFiles/CatchRobo2024-Arm.dir/Core/Src/stm32f3xx_hal_timebase_tim.c.obj
LOAD CMakeFiles/CatchRobo2024-Arm.dir/Drivers/STM32F3xx_HAL_Driver/Src/stm32f3xx_hal_can.c.obj
LOAD CMakeFiles/CatchRobo2024-Arm.dir/Drivers/STM32F3xx_HAL_Driver/Src/stm32f3xx_hal.c.obj
LOAD CMakeFiles/CatchRobo2024-Arm.dir/Drivers/STM32F3xx_HAL_Driver/Src/stm32f3xx_hal_rcc.c.obj
LOAD CMakeFiles/CatchRobo2024-Arm.dir/Drivers/STM32F3xx_HAL_Driver/Src/stm32f3xx_hal_rcc_ex.c.obj
LOAD CMakeFiles/CatchRobo2024-Arm.dir/Drivers/STM32F3xx_HAL_Driver/Src/stm32f3xx_hal_gpio.c.obj
LOAD CMakeFiles/CatchRobo2024-Arm.dir/Drivers/STM32F3xx_HAL_Driver/Src/stm32f3xx_hal_dma.c.obj
LOAD CMakeFiles/CatchRobo2024-Arm.dir/Drivers/STM32F3xx_HAL_Driver/Src/stm32f3xx_hal_cortex.c.obj
LOAD CMakeFiles/CatchRobo2024-Arm.dir/Drivers/STM32F3xx_HAL_Driver/Src/stm32f3xx_hal_pwr.c.obj
LOAD CMakeFiles/CatchRobo2024-Arm.dir/Drivers/STM32F3xx_HAL_Driver/Src/stm32f3xx_hal_pwr_ex.c.obj
LOAD CMakeFiles/CatchRobo2024-Arm.dir/Drivers/STM32F3xx_HAL_Driver/Src/stm32f3xx_hal_flash.c.obj
LOAD CMakeFiles/CatchRobo2024-Arm.dir/Drivers/STM32F3xx_HAL_Driver/Src/stm32f3xx_hal_flash_ex.c.obj
LOAD CMakeFiles/CatchRobo2024-Arm.dir/Drivers/STM32F3xx_HAL_Driver/Src/stm32f3xx_hal_i2c.c.obj
LOAD CMakeFiles/CatchRobo2024-Arm.dir/Drivers/STM32F3xx_HAL_Driver/Src/stm32f3xx_hal_i2c_ex.c.obj
LOAD CMakeFiles/CatchRobo2024-Arm.dir/Drivers/STM32F3xx_HAL_Driver/Src/stm32f3xx_hal_exti.c.obj
LOAD CMakeFiles/CatchRobo2024-Arm.dir/Drivers/STM32F3xx_HAL_Driver/Src/stm32f3xx_hal_tim.c.obj
LOAD CMakeFiles/CatchRobo2024-Arm.dir/Drivers/STM32F3xx_HAL_Driver/Src/stm32f3xx_hal_tim_ex.c.obj
LOAD CMakeFiles/CatchRobo2024-Arm.dir/Drivers/STM32F3xx_HAL_Driver/Src/stm32f3xx_hal_uart.c.obj
LOAD CMakeFiles/CatchRobo2024-Arm.dir/Drivers/STM32F3xx_HAL_Driver/Src/stm32f3xx_hal_uart_ex.c.obj
LOAD CMakeFiles/CatchRobo2024-Arm.dir/Core/Src/system_stm32f3xx.c.obj
LOAD CMakeFiles/CatchRobo2024-Arm.dir/Core/Src/sysmem.c.obj
LOAD CMakeFiles/CatchRobo2024-Arm.dir/Core/Src/syscalls.c.obj
LOAD CMakeFiles/CatchRobo2024-Arm.dir/startup_stm32f303x8.s.obj
START GROUP
LOAD C:/Develop/software/STM32CubeCLT_1.16.0/GNU-tools-for-STM32/bin/../lib/gcc/arm-none-eabi/12.3.1/thumb/v7e-m+fp/hard\libgcc.a
LOAD C:/Develop/software/STM32CubeCLT_1.16.0/GNU-tools-for-STM32/bin/../lib/gcc/arm-none-eabi/12.3.1/../../../../arm-none-eabi/lib/thumb/v7e-m+fp/hard\libg_nano.a
LOAD C:/Develop/software/STM32CubeCLT_1.16.0/GNU-tools-for-STM32/bin/../lib/gcc/arm-none-eabi/12.3.1/../../../../arm-none-eabi/lib/thumb/v7e-m+fp/hard\libc_nano.a
END GROUP
START GROUP
LOAD C:/Develop/software/STM32CubeCLT_1.16.0/GNU-tools-for-STM32/bin/../lib/gcc/arm-none-eabi/12.3.1/thumb/v7e-m+fp/hard\libgcc.a
LOAD C:/Develop/software/STM32CubeCLT_1.16.0/GNU-tools-for-STM32/bin/../lib/gcc/arm-none-eabi/12.3.1/../../../../arm-none-eabi/lib/thumb/v7e-m+fp/hard\libc_nano.a
END GROUP
LOAD C:/Develop/software/STM32CubeCLT_1.16.0/GNU-tools-for-STM32/bin/../lib/gcc/arm-none-eabi/12.3.1/thumb/v7e-m+fp/hard/crtend.o
LOAD C:/Develop/software/STM32CubeCLT_1.16.0/GNU-tools-for-STM32/bin/../lib/gcc/arm-none-eabi/12.3.1/thumb/v7e-m+fp/hard/crtn.o
                0x20003000                        _estack = (ORIGIN (RAM) + LENGTH (RAM))
                0x00000200                        _Min_Heap_Size = 0x200
                0x00000400                        _Min_Stack_Size = 0x400

.isr_vector     0x08000000      0x188
                0x08000000                        . = ALIGN (0x4)
 *(.isr_vector)
 .isr_vector    0x08000000      0x188 CMakeFiles/CatchRobo2024-Arm.dir/startup_stm32f303x8.s.obj
                0x08000000                g_pfnVectors
                0x08000188                        . = ALIGN (0x4)

.text           0x08000188     0x487c
                0x08000188                        . = ALIGN (0x4)
 *(.text)
 .text          0x08000188       0x40 C:/Develop/software/STM32CubeCLT_1.16.0/GNU-tools-for-STM32/bin/../lib/gcc/arm-none-eabi/12.3.1/thumb/v7e-m+fp/hard/crtbegin.o
 *(.text*)
 .text.memset   0x080001c8       0x10 C:/Develop/software/STM32CubeCLT_1.16.0/GNU-tools-for-STM32/bin/../lib/gcc/arm-none-eabi/12.3.1/../../../../arm-none-eabi/lib/thumb/v7e-m+fp/hard\libc_nano.a(libc_a-memset.o)
                0x080001c8                memset
 .text.__libc_init_array
                0x080001d8       0x48 C:/Develop/software/STM32CubeCLT_1.16.0/GNU-tools-for-STM32/bin/../lib/gcc/arm-none-eabi/12.3.1/../../../../arm-none-eabi/lib/thumb/v7e-m+fp/hard\libc_nano.a(libc_a-init.o)
                0x080001d8                __libc_init_array
 .text.main     0x08000220      0x1a8 CMakeFiles/CatchRobo2024-Arm.dir/Core/Src/main.c.obj
                0x08000220                main
 .text.SystemClock_Config
                0x080003c8       0x76 CMakeFiles/CatchRobo2024-Arm.dir/Core/Src/main.c.obj
                0x080003c8                SystemClock_Config
 *fill*         0x0800043e        0x2 
 .text.MX_CAN_Init
                0x08000440       0x6c CMakeFiles/CatchRobo2024-Arm.dir/Core/Src/main.c.obj
 .text.MX_TIM2_Init
                0x080004ac       0xc8 CMakeFiles/CatchRobo2024-Arm.dir/Core/Src/main.c.obj
 .text.MX_USART2_UART_Init
                0x08000574       0x60 CMakeFiles/CatchRobo2024-Arm.dir/Core/Src/main.c.obj
 .text.MX_GPIO_Init
                0x080005d4       0x94 CMakeFiles/CatchRobo2024-Arm.dir/Core/Src/main.c.obj
 .text.HAL_TIM_PeriodElapsedCallback
                0x08000668       0x24 CMakeFiles/CatchRobo2024-Arm.dir/Core/Src/main.c.obj
                0x08000668                HAL_TIM_PeriodElapsedCallback
 .text.Error_Handler
                0x0800068c        0xc CMakeFiles/CatchRobo2024-Arm.dir/Core/Src/main.c.obj
                0x0800068c                Error_Handler
 .text.NMI_Handler
                0x08000698        0x8 CMakeFiles/CatchRobo2024-Arm.dir/Core/Src/stm32f3xx_it.c.obj
                0x08000698                NMI_Handler
 .text.HardFault_Handler
                0x080006a0        0x8 CMakeFiles/CatchRobo2024-Arm.dir/Core/Src/stm32f3xx_it.c.obj
                0x080006a0                HardFault_Handler
 .text.MemManage_Handler
                0x080006a8        0x8 CMakeFiles/CatchRobo2024-Arm.dir/Core/Src/stm32f3xx_it.c.obj
                0x080006a8                MemManage_Handler
 .text.BusFault_Handler
                0x080006b0        0x8 CMakeFiles/CatchRobo2024-Arm.dir/Core/Src/stm32f3xx_it.c.obj
                0x080006b0                BusFault_Handler
 .text.UsageFault_Handler
                0x080006b8        0x8 CMakeFiles/CatchRobo2024-Arm.dir/Core/Src/stm32f3xx_it.c.obj
                0x080006b8                UsageFault_Handler
 .text.SVC_Handler
                0x080006c0        0xe CMakeFiles/CatchRobo2024-Arm.dir/Core/Src/stm32f3xx_it.c.obj
                0x080006c0                SVC_Handler
 .text.DebugMon_Handler
                0x080006ce        0xe CMakeFiles/CatchRobo2024-Arm.dir/Core/Src/stm32f3xx_it.c.obj
                0x080006ce                DebugMon_Handler
 .text.PendSV_Handler
                0x080006dc        0xe CMakeFiles/CatchRobo2024-Arm.dir/Core/Src/stm32f3xx_it.c.obj
                0x080006dc                PendSV_Handler
 .text.SysTick_Handler
                0x080006ea        0xe CMakeFiles/CatchRobo2024-Arm.dir/Core/Src/stm32f3xx_it.c.obj
                0x080006ea                SysTick_Handler
 .text.CAN_RX0_IRQHandler
                0x080006f8       0x14 CMakeFiles/CatchRobo2024-Arm.dir/Core/Src/stm32f3xx_it.c.obj
                0x080006f8                CAN_RX0_IRQHandler
 .text.CAN_RX1_IRQHandler
                0x0800070c       0x14 CMakeFiles/CatchRobo2024-Arm.dir/Core/Src/stm32f3xx_it.c.obj
                0x0800070c                CAN_RX1_IRQHandler
 .text.TIM7_DAC2_IRQHandler
                0x08000720       0x14 CMakeFiles/CatchRobo2024-Arm.dir/Core/Src/stm32f3xx_it.c.obj
                0x08000720                TIM7_DAC2_IRQHandler
 .text.HAL_MspInit
                0x08000734       0x48 CMakeFiles/CatchRobo2024-Arm.dir/Core/Src/stm32f3xx_hal_msp.c.obj
                0x08000734                HAL_MspInit
 .text.HAL_CAN_MspInit
                0x0800077c       0xa8 CMakeFiles/CatchRobo2024-Arm.dir/Core/Src/stm32f3xx_hal_msp.c.obj
                0x0800077c                HAL_CAN_MspInit
 .text.HAL_TIM_PWM_MspInit
                0x08000824       0x3c CMakeFiles/CatchRobo2024-Arm.dir/Core/Src/stm32f3xx_hal_msp.c.obj
                0x08000824                HAL_TIM_PWM_MspInit
 .text.HAL_TIM_MspPostInit
                0x08000860       0x68 CMakeFiles/CatchRobo2024-Arm.dir/Core/Src/stm32f3xx_hal_msp.c.obj
                0x08000860                HAL_TIM_MspPostInit
 .text.HAL_UART_MspInit
                0x080008c8       0x88 CMakeFiles/CatchRobo2024-Arm.dir/Core/Src/stm32f3xx_hal_msp.c.obj
                0x080008c8                HAL_UART_MspInit
 .text.HAL_InitTick
                0x08000950       0xf4 CMakeFiles/CatchRobo2024-Arm.dir/Core/Src/stm32f3xx_hal_timebase_tim.c.obj
                0x08000950                HAL_InitTick
 .text.HAL_CAN_Init
                0x08000a44      0x1f6 CMakeFiles/CatchRobo2024-Arm.dir/Drivers/STM32F3xx_HAL_Driver/Src/stm32f3xx_hal_can.c.obj
                0x08000a44                HAL_CAN_Init
 .text.HAL_CAN_ConfigFilter
                0x08000c3a      0x194 CMakeFiles/CatchRobo2024-Arm.dir/Drivers/STM32F3xx_HAL_Driver/Src/stm32f3xx_hal_can.c.obj
                0x08000c3a                HAL_CAN_ConfigFilter
 .text.HAL_CAN_Start
                0x08000dce       0x88 CMakeFiles/CatchRobo2024-Arm.dir/Drivers/STM32F3xx_HAL_Driver/Src/stm32f3xx_hal_can.c.obj
                0x08000dce                HAL_CAN_Start
 .text.HAL_CAN_AddTxMessage
                0x08000e56      0x1a0 CMakeFiles/CatchRobo2024-Arm.dir/Drivers/STM32F3xx_HAL_Driver/Src/stm32f3xx_hal_can.c.obj
                0x08000e56                HAL_CAN_AddTxMessage
 .text.HAL_CAN_GetTxMailboxesFreeLevel
                0x08000ff6       0x6a CMakeFiles/CatchRobo2024-Arm.dir/Drivers/STM32F3xx_HAL_Driver/Src/stm32f3xx_hal_can.c.obj
                0x08000ff6                HAL_CAN_GetTxMailboxesFreeLevel
 .text.HAL_CAN_GetRxMessage
                0x08001060      0x244 CMakeFiles/CatchRobo2024-Arm.dir/Drivers/STM32F3xx_HAL_Driver/Src/stm32f3xx_hal_can.c.obj
                0x08001060                HAL_CAN_GetRxMessage
 .text.HAL_CAN_IRQHandler
                0x080012a4      0x36e CMakeFiles/CatchRobo2024-Arm.dir/Drivers/STM32F3xx_HAL_Driver/Src/stm32f3xx_hal_can.c.obj
                0x080012a4                HAL_CAN_IRQHandler
 .text.HAL_CAN_TxMailbox0CompleteCallback
                0x08001612       0x14 CMakeFiles/CatchRobo2024-Arm.dir/Drivers/STM32F3xx_HAL_Driver/Src/stm32f3xx_hal_can.c.obj
                0x08001612                HAL_CAN_TxMailbox0CompleteCallback
 .text.HAL_CAN_TxMailbox1CompleteCallback
                0x08001626       0x14 CMakeFiles/CatchRobo2024-Arm.dir/Drivers/STM32F3xx_HAL_Driver/Src/stm32f3xx_hal_can.c.obj
                0x08001626                HAL_CAN_TxMailbox1CompleteCallback
 .text.HAL_CAN_TxMailbox2CompleteCallback
                0x0800163a       0x14 CMakeFiles/CatchRobo2024-Arm.dir/Drivers/STM32F3xx_HAL_Driver/Src/stm32f3xx_hal_can.c.obj
                0x0800163a                HAL_CAN_TxMailbox2CompleteCallback
 .text.HAL_CAN_TxMailbox0AbortCallback
                0x0800164e       0x14 CMakeFiles/CatchRobo2024-Arm.dir/Drivers/STM32F3xx_HAL_Driver/Src/stm32f3xx_hal_can.c.obj
                0x0800164e                HAL_CAN_TxMailbox0AbortCallback
 .text.HAL_CAN_TxMailbox1AbortCallback
                0x08001662       0x14 CMakeFiles/CatchRobo2024-Arm.dir/Drivers/STM32F3xx_HAL_Driver/Src/stm32f3xx_hal_can.c.obj
                0x08001662                HAL_CAN_TxMailbox1AbortCallback
 .text.HAL_CAN_TxMailbox2AbortCallback
                0x08001676       0x14 CMakeFiles/CatchRobo2024-Arm.dir/Drivers/STM32F3xx_HAL_Driver/Src/stm32f3xx_hal_can.c.obj
                0x08001676                HAL_CAN_TxMailbox2AbortCallback
 .text.HAL_CAN_RxFifo0MsgPendingCallback
                0x0800168a       0x14 CMakeFiles/CatchRobo2024-Arm.dir/Drivers/STM32F3xx_HAL_Driver/Src/stm32f3xx_hal_can.c.obj
                0x0800168a                HAL_CAN_RxFifo0MsgPendingCallback
 .text.HAL_CAN_RxFifo0FullCallback
                0x0800169e       0x14 CMakeFiles/CatchRobo2024-Arm.dir/Drivers/STM32F3xx_HAL_Driver/Src/stm32f3xx_hal_can.c.obj
                0x0800169e                HAL_CAN_RxFifo0FullCallback
 .text.HAL_CAN_RxFifo1MsgPendingCallback
                0x080016b2       0x14 CMakeFiles/CatchRobo2024-Arm.dir/Drivers/STM32F3xx_HAL_Driver/Src/stm32f3xx_hal_can.c.obj
                0x080016b2                HAL_CAN_RxFifo1MsgPendingCallback
 .text.HAL_CAN_RxFifo1FullCallback
                0x080016c6       0x14 CMakeFiles/CatchRobo2024-Arm.dir/Drivers/STM32F3xx_HAL_Driver/Src/stm32f3xx_hal_can.c.obj
                0x080016c6                HAL_CAN_RxFifo1FullCallback
 .text.HAL_CAN_SleepCallback
                0x080016da       0x14 CMakeFiles/CatchRobo2024-Arm.dir/Drivers/STM32F3xx_HAL_Driver/Src/stm32f3xx_hal_can.c.obj
                0x080016da                HAL_CAN_SleepCallback
 .text.HAL_CAN_WakeUpFromRxMsgCallback
                0x080016ee       0x14 CMakeFiles/CatchRobo2024-Arm.dir/Drivers/STM32F3xx_HAL_Driver/Src/stm32f3xx_hal_can.c.obj
                0x080016ee                HAL_CAN_WakeUpFromRxMsgCallback
 .text.HAL_CAN_ErrorCallback
                0x08001702       0x14 CMakeFiles/CatchRobo2024-Arm.dir/Drivers/STM32F3xx_HAL_Driver/Src/stm32f3xx_hal_can.c.obj
                0x08001702                HAL_CAN_ErrorCallback
 *fill*         0x08001716        0x2 
 .text.HAL_Init
                0x08001718       0x2c CMakeFiles/CatchRobo2024-Arm.dir/Drivers/STM32F3xx_HAL_Driver/Src/stm32f3xx_hal.c.obj
                0x08001718                HAL_Init
 .text.HAL_IncTick
                0x08001744       0x28 CMakeFiles/CatchRobo2024-Arm.dir/Drivers/STM32F3xx_HAL_Driver/Src/stm32f3xx_hal.c.obj
                0x08001744                HAL_IncTick
 .text.HAL_GetTick
                0x0800176c       0x18 CMakeFiles/CatchRobo2024-Arm.dir/Drivers/STM32F3xx_HAL_Driver/Src/stm32f3xx_hal.c.obj
                0x0800176c                HAL_GetTick
 .text.HAL_Delay
                0x08001784       0x48 CMakeFiles/CatchRobo2024-Arm.dir/Drivers/STM32F3xx_HAL_Driver/Src/stm32f3xx_hal.c.obj
                0x08001784                HAL_Delay
 .text.HAL_RCC_OscConfig
                0x080017cc     0x107c CMakeFiles/CatchRobo2024-Arm.dir/Drivers/STM32F3xx_HAL_Driver/Src/stm32f3xx_hal_rcc.c.obj
                0x080017cc                HAL_RCC_OscConfig
 .text.HAL_RCC_ClockConfig
                0x08002848      0x2f8 CMakeFiles/CatchRobo2024-Arm.dir/Drivers/STM32F3xx_HAL_Driver/Src/stm32f3xx_hal_rcc.c.obj
                0x08002848                HAL_RCC_ClockConfig
 .text.HAL_RCC_GetSysClockFreq
                0x08002b40       0xac CMakeFiles/CatchRobo2024-Arm.dir/Drivers/STM32F3xx_HAL_Driver/Src/stm32f3xx_hal_rcc.c.obj
                0x08002b40                HAL_RCC_GetSysClockFreq
 .text.HAL_RCC_GetHCLKFreq
                0x08002bec       0x18 CMakeFiles/CatchRobo2024-Arm.dir/Drivers/STM32F3xx_HAL_Driver/Src/stm32f3xx_hal_rcc.c.obj
                0x08002bec                HAL_RCC_GetHCLKFreq
 .text.HAL_RCC_GetPCLK1Freq
                0x08002c04       0x44 CMakeFiles/CatchRobo2024-Arm.dir/Drivers/STM32F3xx_HAL_Driver/Src/stm32f3xx_hal_rcc.c.obj
                0x08002c04                HAL_RCC_GetPCLK1Freq
 .text.HAL_RCC_GetPCLK2Freq
                0x08002c48       0x44 CMakeFiles/CatchRobo2024-Arm.dir/Drivers/STM32F3xx_HAL_Driver/Src/stm32f3xx_hal_rcc.c.obj
                0x08002c48                HAL_RCC_GetPCLK2Freq
 .text.HAL_RCC_GetClockConfig
                0x08002c8c       0x64 CMakeFiles/CatchRobo2024-Arm.dir/Drivers/STM32F3xx_HAL_Driver/Src/stm32f3xx_hal_rcc.c.obj
                0x08002c8c                HAL_RCC_GetClockConfig
 .text.HAL_GPIO_Init
                0x08002cf0      0x2e4 CMakeFiles/CatchRobo2024-Arm.dir/Drivers/STM32F3xx_HAL_Driver/Src/stm32f3xx_hal_gpio.c.obj
                0x08002cf0                HAL_GPIO_Init
 .text.HAL_GPIO_WritePin
                0x08002fd4       0x30 CMakeFiles/CatchRobo2024-Arm.dir/Drivers/STM32F3xx_HAL_Driver/Src/stm32f3xx_hal_gpio.c.obj
                0x08002fd4                HAL_GPIO_WritePin
 .text.HAL_GPIO_TogglePin
                0x08003004       0x34 CMakeFiles/CatchRobo2024-Arm.dir/Drivers/STM32F3xx_HAL_Driver/Src/stm32f3xx_hal_gpio.c.obj
                0x08003004                HAL_GPIO_TogglePin
 .text.__NVIC_SetPriorityGrouping
                0x08003038       0x48 CMakeFiles/CatchRobo2024-Arm.dir/Drivers/STM32F3xx_HAL_Driver/Src/stm32f3xx_hal_cortex.c.obj
 .text.__NVIC_GetPriorityGrouping
                0x08003080       0x1c CMakeFiles/CatchRobo2024-Arm.dir/Drivers/STM32F3xx_HAL_Driver/Src/stm32f3xx_hal_cortex.c.obj
 .text.__NVIC_EnableIRQ
                0x0800309c       0x3c CMakeFiles/CatchRobo2024-Arm.dir/Drivers/STM32F3xx_HAL_Driver/Src/stm32f3xx_hal_cortex.c.obj
 .text.__NVIC_SetPriority
                0x080030d8       0x54 CMakeFiles/CatchRobo2024-Arm.dir/Drivers/STM32F3xx_HAL_Driver/Src/stm32f3xx_hal_cortex.c.obj
 .text.NVIC_EncodePriority
                0x0800312c       0x66 CMakeFiles/CatchRobo2024-Arm.dir/Drivers/STM32F3xx_HAL_Driver/Src/stm32f3xx_hal_cortex.c.obj
 .text.HAL_NVIC_SetPriorityGrouping
                0x08003192       0x16 CMakeFiles/CatchRobo2024-Arm.dir/Drivers/STM32F3xx_HAL_Driver/Src/stm32f3xx_hal_cortex.c.obj
                0x08003192                HAL_NVIC_SetPriorityGrouping
 .text.HAL_NVIC_SetPriority
                0x080031a8       0x38 CMakeFiles/CatchRobo2024-Arm.dir/Drivers/STM32F3xx_HAL_Driver/Src/stm32f3xx_hal_cortex.c.obj
                0x080031a8                HAL_NVIC_SetPriority
 .text.HAL_NVIC_EnableIRQ
                0x080031e0       0x1c CMakeFiles/CatchRobo2024-Arm.dir/Drivers/STM32F3xx_HAL_Driver/Src/stm32f3xx_hal_cortex.c.obj
                0x080031e0                HAL_NVIC_EnableIRQ
 .text.HAL_TIM_Base_Init
                0x080031fc       0xae CMakeFiles/CatchRobo2024-Arm.dir/Drivers/STM32F3xx_HAL_Driver/Src/stm32f3xx_hal_tim.c.obj
                0x080031fc                HAL_TIM_Base_Init
 .text.HAL_TIM_Base_MspInit
                0x080032aa       0x14 CMakeFiles/CatchRobo2024-Arm.dir/Drivers/STM32F3xx_HAL_Driver/Src/stm32f3xx_hal_tim.c.obj
                0x080032aa                HAL_TIM_Base_MspInit
 *fill*         0x080032be        0x2 
 .text.HAL_TIM_Base_Start_IT
                0x080032c0       0xb8 CMakeFiles/CatchRobo2024-Arm.dir/Drivers/STM32F3xx_HAL_Driver/Src/stm32f3xx_hal_tim.c.obj
                0x080032c0                HAL_TIM_Base_Start_IT
 .text.HAL_TIM_PWM_Init
                0x08003378       0xae CMakeFiles/CatchRobo2024-Arm.dir/Drivers/STM32F3xx_HAL_Driver/Src/stm32f3xx_hal_tim.c.obj
                0x08003378                HAL_TIM_PWM_Init
 *fill*         0x08003426        0x2 
 .text.HAL_TIM_PWM_Start
                0x08003428      0x1d8 CMakeFiles/CatchRobo2024-Arm.dir/Drivers/STM32F3xx_HAL_Driver/Src/stm32f3xx_hal_tim.c.obj
                0x08003428                HAL_TIM_PWM_Start
 .text.HAL_TIM_IRQHandler
                0x08003600      0x204 CMakeFiles/CatchRobo2024-Arm.dir/Drivers/STM32F3xx_HAL_Driver/Src/stm32f3xx_hal_tim.c.obj
                0x08003600                HAL_TIM_IRQHandler
 .text.HAL_TIM_PWM_ConfigChannel
                0x08003804      0x228 CMakeFiles/CatchRobo2024-Arm.dir/Drivers/STM32F3xx_HAL_Driver/Src/stm32f3xx_hal_tim.c.obj
                0x08003804                HAL_TIM_PWM_ConfigChannel
 .text.HAL_TIM_OC_DelayElapsedCallback
                0x08003a2c       0x14 CMakeFiles/CatchRobo2024-Arm.dir/Drivers/STM32F3xx_HAL_Driver/Src/stm32f3xx_hal_tim.c.obj
                0x08003a2c                HAL_TIM_OC_DelayElapsedCallback
 .text.HAL_TIM_IC_CaptureCallback
                0x08003a40       0x14 CMakeFiles/CatchRobo2024-Arm.dir/Drivers/STM32F3xx_HAL_Driver/Src/stm32f3xx_hal_tim.c.obj
                0x08003a40                HAL_TIM_IC_CaptureCallback
 .text.HAL_TIM_PWM_PulseFinishedCallback
                0x08003a54       0x14 CMakeFiles/CatchRobo2024-Arm.dir/Drivers/STM32F3xx_HAL_Driver/Src/stm32f3xx_hal_tim.c.obj
                0x08003a54                HAL_TIM_PWM_PulseFinishedCallback
 .text.HAL_TIM_TriggerCallback
                0x08003a68       0x14 CMakeFiles/CatchRobo2024-Arm.dir/Drivers/STM32F3xx_HAL_Driver/Src/stm32f3xx_hal_tim.c.obj
                0x08003a68                HAL_TIM_TriggerCallback
 .text.TIM_Base_SetConfig
                0x08003a7c      0x108 CMakeFiles/CatchRobo2024-Arm.dir/Drivers/STM32F3xx_HAL_Driver/Src/stm32f3xx_hal_tim.c.obj
                0x08003a7c                TIM_Base_SetConfig
 .text.TIM_OC1_SetConfig
                0x08003b84      0x10c CMakeFiles/CatchRobo2024-Arm.dir/Drivers/STM32F3xx_HAL_Driver/Src/stm32f3xx_hal_tim.c.obj
 .text.TIM_OC2_SetConfig
                0x08003c90      0x100 CMakeFiles/CatchRobo2024-Arm.dir/Drivers/STM32F3xx_HAL_Driver/Src/stm32f3xx_hal_tim.c.obj
                0x08003c90                TIM_OC2_SetConfig
 .text.TIM_OC3_SetConfig
                0x08003d90       0xfc CMakeFiles/CatchRobo2024-Arm.dir/Drivers/STM32F3xx_HAL_Driver/Src/stm32f3xx_hal_tim.c.obj
 .text.TIM_OC4_SetConfig
                0x08003e8c       0xc8 CMakeFiles/CatchRobo2024-Arm.dir/Drivers/STM32F3xx_HAL_Driver/Src/stm32f3xx_hal_tim.c.obj
 .text.TIM_OC5_SetConfig
                0x08003f54       0xbc CMakeFiles/CatchRobo2024-Arm.dir/Drivers/STM32F3xx_HAL_Driver/Src/stm32f3xx_hal_tim.c.obj
 .text.TIM_OC6_SetConfig
                0x08004010       0xc0 CMakeFiles/CatchRobo2024-Arm.dir/Drivers/STM32F3xx_HAL_Driver/Src/stm32f3xx_hal_tim.c.obj
 .text.TIM_CCxChannelCmd
                0x080040d0       0x4a CMakeFiles/CatchRobo2024-Arm.dir/Drivers/STM32F3xx_HAL_Driver/Src/stm32f3xx_hal_tim.c.obj
                0x080040d0                TIM_CCxChannelCmd
 *fill*         0x0800411a        0x2 
 .text.HAL_TIMEx_MasterConfigSynchronization
                0x0800411c       0xdc CMakeFiles/CatchRobo2024-Arm.dir/Drivers/STM32F3xx_HAL_Driver/Src/stm32f3xx_hal_tim_ex.c.obj
                0x0800411c                HAL_TIMEx_MasterConfigSynchronization
 .text.HAL_TIMEx_CommutCallback
                0x080041f8       0x14 CMakeFiles/CatchRobo2024-Arm.dir/Drivers/STM32F3xx_HAL_Driver/Src/stm32f3xx_hal_tim_ex.c.obj
                0x080041f8                HAL_TIMEx_CommutCallback
 .text.HAL_TIMEx_BreakCallback
                0x0800420c       0x14 CMakeFiles/CatchRobo2024-Arm.dir/Drivers/STM32F3xx_HAL_Driver/Src/stm32f3xx_hal_tim_ex.c.obj
                0x0800420c                HAL_TIMEx_BreakCallback
 .text.HAL_TIMEx_Break2Callback
                0x08004220       0x14 CMakeFiles/CatchRobo2024-Arm.dir/Drivers/STM32F3xx_HAL_Driver/Src/stm32f3xx_hal_tim_ex.c.obj
                0x08004220                HAL_TIMEx_Break2Callback
 .text.HAL_UART_Init
                0x08004234       0x9c CMakeFiles/CatchRobo2024-Arm.dir/Drivers/STM32F3xx_HAL_Driver/Src/stm32f3xx_hal_uart.c.obj
                0x08004234                HAL_UART_Init
 .text.UART_SetConfig
                0x080042d0      0x26c CMakeFiles/CatchRobo2024-Arm.dir/Drivers/STM32F3xx_HAL_Driver/Src/stm32f3xx_hal_uart.c.obj
                0x080042d0                UART_SetConfig
 .text.UART_AdvFeatureConfig
                0x0800453c      0x144 CMakeFiles/CatchRobo2024-Arm.dir/Drivers/STM32F3xx_HAL_Driver/Src/stm32f3xx_hal_uart.c.obj
                0x0800453c                UART_AdvFeatureConfig
 .text.UART_CheckIdleState
                0x08004680      0x150 CMakeFiles/CatchRobo2024-Arm.dir/Drivers/STM32F3xx_HAL_Driver/Src/stm32f3xx_hal_uart.c.obj
                0x08004680                UART_CheckIdleState
 .text.UART_WaitOnFlagUntilTimeout
                0x080047d0       0xda CMakeFiles/CatchRobo2024-Arm.dir/Drivers/STM32F3xx_HAL_Driver/Src/stm32f3xx_hal_uart.c.obj
                0x080047d0                UART_WaitOnFlagUntilTimeout
 .text.UART_EndRxTransfer
                0x080048aa       0xc8 CMakeFiles/CatchRobo2024-Arm.dir/Drivers/STM32F3xx_HAL_Driver/Src/stm32f3xx_hal_uart.c.obj
 *fill*         0x08004972        0x2 
 .text.SystemInit
                0x08004974       0x24 CMakeFiles/CatchRobo2024-Arm.dir/Core/Src/system_stm32f3xx.c.obj
                0x08004974                SystemInit
 .text.Reset_Handler
                0x08004998       0x50 CMakeFiles/CatchRobo2024-Arm.dir/startup_stm32f303x8.s.obj
                0x08004998                Reset_Handler
 .text.Default_Handler
                0x080049e8        0x2 CMakeFiles/CatchRobo2024-Arm.dir/startup_stm32f303x8.s.obj
                0x080049e8                RTC_Alarm_IRQHandler
                0x080049e8                TIM1_CC_IRQHandler
                0x080049e8                PVD_IRQHandler
                0x080049e8                TAMP_STAMP_IRQHandler
                0x080049e8                EXTI3_IRQHandler
                0x080049e8                EXTI0_IRQHandler
                0x080049e8                FPU_IRQHandler
                0x080049e8                CAN_TX_IRQHandler
                0x080049e8                TIM1_UP_TIM16_IRQHandler
                0x080049e8                ADC1_2_IRQHandler
                0x080049e8                SPI1_IRQHandler
                0x080049e8                CAN_SCE_IRQHandler
                0x080049e8                DMA1_Channel4_IRQHandler
                0x080049e8                USART3_IRQHandler
                0x080049e8                DMA1_Channel7_IRQHandler
                0x080049e8                I2C1_EV_IRQHandler
                0x080049e8                DMA1_Channel6_IRQHandler
                0x080049e8                TIM3_IRQHandler
                0x080049e8                RCC_IRQHandler
                0x080049e8                DMA1_Channel1_IRQHandler
                0x080049e8                Default_Handler
                0x080049e8                EXTI15_10_IRQHandler
                0x080049e8                COMP2_IRQHandler
                0x080049e8                TIM6_DAC1_IRQHandler
                0x080049e8                EXTI9_5_IRQHandler
                0x080049e8                RTC_WKUP_IRQHandler
                0x080049e8                DMA1_Channel5_IRQHandler
                0x080049e8                EXTI4_IRQHandler
                0x080049e8                TIM1_TRG_COM_TIM17_IRQHandler
                0x080049e8                DMA1_Channel3_IRQHandler
                0x080049e8                WWDG_IRQHandler
                0x080049e8                TIM2_IRQHandler
                0x080049e8                EXTI1_IRQHandler
                0x080049e8                COMP4_6_IRQHandler
                0x080049e8                USART2_IRQHandler
                0x080049e8                DMA1_Channel2_IRQHandler
                0x080049e8                FLASH_IRQHandler
                0x080049e8                USART1_IRQHandler
                0x080049e8                I2C1_ER_IRQHandler
                0x080049e8                EXTI2_TSC_IRQHandler
                0x080049e8                TIM1_BRK_TIM15_IRQHandler
 *(.glue_7)
 .glue_7        0x080049ea        0x0 linker stubs
 *(.glue_7t)
 .glue_7t       0x080049ea        0x0 linker stubs
 *(.eh_frame)
 *fill*         0x080049ea        0x2 
 .eh_frame      0x080049ec        0x0 C:/Develop/software/STM32CubeCLT_1.16.0/GNU-tools-for-STM32/bin/../lib/gcc/arm-none-eabi/12.3.1/thumb/v7e-m+fp/hard/crtbegin.o
 *(.init)
 .init          0x080049ec        0x4 C:/Develop/software/STM32CubeCLT_1.16.0/GNU-tools-for-STM32/bin/../lib/gcc/arm-none-eabi/12.3.1/thumb/v7e-m+fp/hard/crti.o
                0x080049ec                _init
 .init          0x080049f0        0x8 C:/Develop/software/STM32CubeCLT_1.16.0/GNU-tools-for-STM32/bin/../lib/gcc/arm-none-eabi/12.3.1/thumb/v7e-m+fp/hard/crtn.o
 *(.fini)
 .fini          0x080049f8        0x4 C:/Develop/software/STM32CubeCLT_1.16.0/GNU-tools-for-STM32/bin/../lib/gcc/arm-none-eabi/12.3.1/thumb/v7e-m+fp/hard/crti.o
                0x080049f8                _fini
 .fini          0x080049fc        0x8 C:/Develop/software/STM32CubeCLT_1.16.0/GNU-tools-for-STM32/bin/../lib/gcc/arm-none-eabi/12.3.1/thumb/v7e-m+fp/hard/crtn.o
                0x08004a04                        . = ALIGN (0x4)
                0x08004a04                        _etext = .

.vfp11_veneer   0x08004a04        0x0
 .vfp11_veneer  0x08004a04        0x0 linker stubs

.v4_bx          0x08004a04        0x0
 .v4_bx         0x08004a04        0x0 linker stubs

.iplt           0x08004a04        0x0
 .iplt          0x08004a04        0x0 C:/Develop/software/STM32CubeCLT_1.16.0/GNU-tools-for-STM32/bin/../lib/gcc/arm-none-eabi/12.3.1/thumb/v7e-m+fp/hard/crtbegin.o

.rodata         0x08004a04       0x38
                0x08004a04                        . = ALIGN (0x4)
 *(.rodata)
 *(.rodata*)
 .rodata.aPLLMULFactorTable
                0x08004a04       0x10 CMakeFiles/CatchRobo2024-Arm.dir/Drivers/STM32F3xx_HAL_Driver/Src/stm32f3xx_hal_rcc.c.obj
 .rodata.aPredivFactorTable
                0x08004a14       0x10 CMakeFiles/CatchRobo2024-Arm.dir/Drivers/STM32F3xx_HAL_Driver/Src/stm32f3xx_hal_rcc.c.obj
 .rodata.AHBPrescTable
                0x08004a24       0x10 CMakeFiles/CatchRobo2024-Arm.dir/Core/Src/system_stm32f3xx.c.obj
                0x08004a24                AHBPrescTable
 .rodata.APBPrescTable
                0x08004a34        0x8 CMakeFiles/CatchRobo2024-Arm.dir/Core/Src/system_stm32f3xx.c.obj
                0x08004a34                APBPrescTable
                0x08004a3c                        . = ALIGN (0x4)

.rel.dyn        0x08004a3c        0x0
 .rel.iplt      0x08004a3c        0x0 C:/Develop/software/STM32CubeCLT_1.16.0/GNU-tools-for-STM32/bin/../lib/gcc/arm-none-eabi/12.3.1/thumb/v7e-m+fp/hard/crtbegin.o

.ARM.extab
 *(.ARM.extab* .gnu.linkonce.armextab.*)

.ARM            0x08004a3c        0x0
                0x08004a3c                        __exidx_start = .
 *(.ARM.exidx*)
                0x08004a3c                        __exidx_end = .

.preinit_array  0x08004a3c        0x0
                0x08004a3c                        PROVIDE (__preinit_array_start = .)
 *(.preinit_array*)
                0x08004a3c                        PROVIDE (__preinit_array_end = .)

.init_array     0x08004a3c        0x4
                0x08004a3c                        PROVIDE (__init_array_start = .)
 *(SORT_BY_NAME(.init_array.*))
 *(.init_array*)
 .init_array    0x08004a3c        0x4 C:/Develop/software/STM32CubeCLT_1.16.0/GNU-tools-for-STM32/bin/../lib/gcc/arm-none-eabi/12.3.1/thumb/v7e-m+fp/hard/crtbegin.o
                0x08004a40                        PROVIDE (__init_array_end = .)

.fini_array     0x08004a40        0x4
                [!provide]                        PROVIDE (__fini_array_start = .)
 *(SORT_BY_NAME(.fini_array.*))
 *(.fini_array*)
 .fini_array    0x08004a40        0x4 C:/Develop/software/STM32CubeCLT_1.16.0/GNU-tools-for-STM32/bin/../lib/gcc/arm-none-eabi/12.3.1/thumb/v7e-m+fp/hard/crtbegin.o
                [!provide]                        PROVIDE (__fini_array_end = .)
                0x08004a44                        _sidata = LOADADDR (.data)

.data           0x20000000        0xc load address 0x08004a44
                0x20000000                        . = ALIGN (0x4)
                0x20000000                        _sdata = .
 *(.data)
 *(.data*)
 .data.uwTickPrio
                0x20000000        0x4 CMakeFiles/CatchRobo2024-Arm.dir/Drivers/STM32F3xx_HAL_Driver/Src/stm32f3xx_hal.c.obj
                0x20000000                uwTickPrio
 .data.uwTickFreq
                0x20000004        0x1 CMakeFiles/CatchRobo2024-Arm.dir/Drivers/STM32F3xx_HAL_Driver/Src/stm32f3xx_hal.c.obj
                0x20000004                uwTickFreq
 *fill*         0x20000005        0x3 
 .data.SystemCoreClock
                0x20000008        0x4 CMakeFiles/CatchRobo2024-Arm.dir/Core/Src/system_stm32f3xx.c.obj
                0x20000008                SystemCoreClock
                0x2000000c                        . = ALIGN (0x4)
                0x2000000c                        _edata = .
                0x08004a50                        _siccmram = LOADADDR (.ccmram)

.igot.plt       0x2000000c        0x0 load address 0x08004a50
 .igot.plt      0x2000000c        0x0 C:/Develop/software/STM32CubeCLT_1.16.0/GNU-tools-for-STM32/bin/../lib/gcc/arm-none-eabi/12.3.1/thumb/v7e-m+fp/hard/crtbegin.o

.ccmram         0x10000000        0x0 load address 0x08004a50
                0x10000000                        . = ALIGN (0x4)
                0x10000000                        _sccmram = .
 *(.ccmram)
 *(.ccmram*)
                0x10000000                        . = ALIGN (0x4)
                0x10000000                        _eccmram = .
                0x10000000                        . = ALIGN (0x4)

.bss            0x2000000c      0x168
                0x2000000c                        _sbss = .
                0x2000000c                        __bss_start__ = _sbss
 *(.bss)
 .bss           0x2000000c       0x1c C:/Develop/software/STM32CubeCLT_1.16.0/GNU-tools-for-STM32/bin/../lib/gcc/arm-none-eabi/12.3.1/thumb/v7e-m+fp/hard/crtbegin.o
 *(.bss*)
 .bss.hcan      0x20000028       0x28 CMakeFiles/CatchRobo2024-Arm.dir/Core/Src/main.c.obj
                0x20000028                hcan
 .bss.htim2     0x20000050       0x4c CMakeFiles/CatchRobo2024-Arm.dir/Core/Src/main.c.obj
                0x20000050                htim2
 .bss.huart2    0x2000009c       0x88 CMakeFiles/CatchRobo2024-Arm.dir/Core/Src/main.c.obj
                0x2000009c                huart2
 .bss.htim7     0x20000124       0x4c CMakeFiles/CatchRobo2024-Arm.dir/Core/Src/stm32f3xx_hal_timebase_tim.c.obj
                0x20000124                htim7
 .bss.uwTick    0x20000170        0x4 CMakeFiles/CatchRobo2024-Arm.dir/Drivers/STM32F3xx_HAL_Driver/Src/stm32f3xx_hal.c.obj
                0x20000170                uwTick
 *(COMMON)
                0x20000174                        . = ALIGN (0x4)
                0x20000174                        _ebss = .
                0x20000174                        __bss_end__ = _ebss

._user_heap_stack
                0x20000174      0x604
                0x20000178                        . = ALIGN (0x8)
 *fill*         0x20000174        0x4 
                [!provide]                        PROVIDE (end = .)
                0x20000178                        PROVIDE (_end = .)
                0x20000378                        . = (. + _Min_Heap_Size)
 *fill*         0x20000178      0x200 
                0x20000778                        . = (. + _Min_Stack_Size)
 *fill*         0x20000378      0x400 
                0x20000778                        . = ALIGN (0x8)

/DISCARD/
 libc.a(*)
 libm.a(*)
 libgcc.a(*)

.ARM.attributes
                0x00000000       0x30
 *(.ARM.attributes)
 .ARM.attributes
                0x00000000       0x22 C:/Develop/software/STM32CubeCLT_1.16.0/GNU-tools-for-STM32/bin/../lib/gcc/arm-none-eabi/12.3.1/thumb/v7e-m+fp/hard/crti.o
 .ARM.attributes
                0x00000022       0x34 C:/Develop/software/STM32CubeCLT_1.16.0/GNU-tools-for-STM32/bin/../lib/gcc/arm-none-eabi/12.3.1/thumb/v7e-m+fp/hard/crtbegin.o
 .ARM.attributes
                0x00000056       0x34 C:/Develop/software/STM32CubeCLT_1.16.0/GNU-tools-for-STM32/bin/../lib/gcc/arm-none-eabi/12.3.1/../../../../arm-none-eabi/lib/thumb/v7e-m+fp/hard\libc_nano.a(libc_a-memset.o)
 .ARM.attributes
                0x0000008a       0x34 C:/Develop/software/STM32CubeCLT_1.16.0/GNU-tools-for-STM32/bin/../lib/gcc/arm-none-eabi/12.3.1/../../../../arm-none-eabi/lib/thumb/v7e-m+fp/hard\libc_nano.a(libc_a-init.o)
 .ARM.attributes
                0x000000be       0x34 CMakeFiles/CatchRobo2024-Arm.dir/Core/Src/main.c.obj
 .ARM.attributes
                0x000000f2       0x34 CMakeFiles/CatchRobo2024-Arm.dir/Core/Src/stm32f3xx_it.c.obj
 .ARM.attributes
                0x00000126       0x34 CMakeFiles/CatchRobo2024-Arm.dir/Core/Src/stm32f3xx_hal_msp.c.obj
 .ARM.attributes
                0x0000015a       0x34 CMakeFiles/CatchRobo2024-Arm.dir/Core/Src/stm32f3xx_hal_timebase_tim.c.obj
 .ARM.attributes
                0x0000018e       0x34 CMakeFiles/CatchRobo2024-Arm.dir/Drivers/STM32F3xx_HAL_Driver/Src/stm32f3xx_hal_can.c.obj
 .ARM.attributes
                0x000001c2       0x34 CMakeFiles/CatchRobo2024-Arm.dir/Drivers/STM32F3xx_HAL_Driver/Src/stm32f3xx_hal.c.obj
 .ARM.attributes
                0x000001f6       0x34 CMakeFiles/CatchRobo2024-Arm.dir/Drivers/STM32F3xx_HAL_Driver/Src/stm32f3xx_hal_rcc.c.obj
 .ARM.attributes
                0x0000022a       0x34 CMakeFiles/CatchRobo2024-Arm.dir/Drivers/STM32F3xx_HAL_Driver/Src/stm32f3xx_hal_gpio.c.obj
 .ARM.attributes
                0x0000025e       0x34 CMakeFiles/CatchRobo2024-Arm.dir/Drivers/STM32F3xx_HAL_Driver/Src/stm32f3xx_hal_cortex.c.obj
 .ARM.attributes
                0x00000292       0x34 CMakeFiles/CatchRobo2024-Arm.dir/Drivers/STM32F3xx_HAL_Driver/Src/stm32f3xx_hal_tim.c.obj
 .ARM.attributes
                0x000002c6       0x34 CMakeFiles/CatchRobo2024-Arm.dir/Drivers/STM32F3xx_HAL_Driver/Src/stm32f3xx_hal_tim_ex.c.obj
 .ARM.attributes
                0x000002fa       0x34 CMakeFiles/CatchRobo2024-Arm.dir/Drivers/STM32F3xx_HAL_Driver/Src/stm32f3xx_hal_uart.c.obj
 .ARM.attributes
                0x0000032e       0x34 CMakeFiles/CatchRobo2024-Arm.dir/Core/Src/system_stm32f3xx.c.obj
 .ARM.attributes
                0x00000362       0x21 CMakeFiles/CatchRobo2024-Arm.dir/startup_stm32f303x8.s.obj
 .ARM.attributes
                0x00000383       0x22 C:/Develop/software/STM32CubeCLT_1.16.0/GNU-tools-for-STM32/bin/../lib/gcc/arm-none-eabi/12.3.1/thumb/v7e-m+fp/hard/crtn.o
OUTPUT(CatchRobo2024-Arm.elf elf32-littlearm)
LOAD linker stubs
LOAD C:/Develop/software/STM32CubeCLT_1.16.0/GNU-tools-for-STM32/bin/../lib/gcc/arm-none-eabi/12.3.1/../../../../arm-none-eabi/lib/thumb/v7e-m+fp/hard\libc.a
LOAD C:/Develop/software/STM32CubeCLT_1.16.0/GNU-tools-for-STM32/bin/../lib/gcc/arm-none-eabi/12.3.1/../../../../arm-none-eabi/lib/thumb/v7e-m+fp/hard\libm.a
LOAD C:/Develop/software/STM32CubeCLT_1.16.0/GNU-tools-for-STM32/bin/../lib/gcc/arm-none-eabi/12.3.1/thumb/v7e-m+fp/hard\libgcc.a

.debug_frame    0x00000000     0x37a4
 .debug_frame   0x00000000       0x20 C:/Develop/software/STM32CubeCLT_1.16.0/GNU-tools-for-STM32/bin/../lib/gcc/arm-none-eabi/12.3.1/../../../../arm-none-eabi/lib/thumb/v7e-m+fp/hard\libc_nano.a(libc_a-memset.o)
 .debug_frame   0x00000020       0x2c C:/Develop/software/STM32CubeCLT_1.16.0/GNU-tools-for-STM32/bin/../lib/gcc/arm-none-eabi/12.3.1/../../../../arm-none-eabi/lib/thumb/v7e-m+fp/hard\libc_nano.a(libc_a-init.o)
 .debug_frame   0x0000004c      0x110 CMakeFiles/CatchRobo2024-Arm.dir/Core/Src/main.c.obj
 .debug_frame   0x0000015c      0x15c CMakeFiles/CatchRobo2024-Arm.dir/Core/Src/stm32f3xx_it.c.obj
 .debug_frame   0x000002b8      0x13c CMakeFiles/CatchRobo2024-Arm.dir/Core/Src/stm32f3xx_hal_msp.c.obj
 .debug_frame   0x000003f4       0x74 CMakeFiles/CatchRobo2024-Arm.dir/Core/Src/stm32f3xx_hal_timebase_tim.c.obj
 .debug_frame   0x00000468      0x5a0 CMakeFiles/CatchRobo2024-Arm.dir/Drivers/STM32F3xx_HAL_Driver/Src/stm32f3xx_hal_can.c.obj
 .debug_frame   0x00000a08      0x334 CMakeFiles/CatchRobo2024-Arm.dir/Drivers/STM32F3xx_HAL_Driver/Src/stm32f3xx_hal.c.obj
 .debug_frame   0x00000d3c      0x214 CMakeFiles/CatchRobo2024-Arm.dir/Drivers/STM32F3xx_HAL_Driver/Src/stm32f3xx_hal_rcc.c.obj
 .debug_frame   0x00000f50      0x14c CMakeFiles/CatchRobo2024-Arm.dir/Drivers/STM32F3xx_HAL_Driver/Src/stm32f3xx_hal_gpio.c.obj
 .debug_frame   0x0000109c      0x428 CMakeFiles/CatchRobo2024-Arm.dir/Drivers/STM32F3xx_HAL_Driver/Src/stm32f3xx_hal_cortex.c.obj
 .debug_frame   0x000014c4     0x1218 CMakeFiles/CatchRobo2024-Arm.dir/Drivers/STM32F3xx_HAL_Driver/Src/stm32f3xx_hal_tim.c.obj
 .debug_frame   0x000026dc      0x688 CMakeFiles/CatchRobo2024-Arm.dir/Drivers/STM32F3xx_HAL_Driver/Src/stm32f3xx_hal_tim_ex.c.obj
 .debug_frame   0x00002d64      0x9e8 CMakeFiles/CatchRobo2024-Arm.dir/Drivers/STM32F3xx_HAL_Driver/Src/stm32f3xx_hal_uart.c.obj
 .debug_frame   0x0000374c       0x58 CMakeFiles/CatchRobo2024-Arm.dir/Core/Src/system_stm32f3xx.c.obj

.debug_info     0x00000000     0xf8f8
 .debug_info    0x00000000     0x178e CMakeFiles/CatchRobo2024-Arm.dir/Core/Src/main.c.obj
 .debug_info    0x0000178e      0xaac CMakeFiles/CatchRobo2024-Arm.dir/Core/Src/stm32f3xx_it.c.obj
 .debug_info    0x0000223a     0x12e9 CMakeFiles/CatchRobo2024-Arm.dir/Core/Src/stm32f3xx_hal_msp.c.obj
 .debug_info    0x00003523      0xa16 CMakeFiles/CatchRobo2024-Arm.dir/Core/Src/stm32f3xx_hal_timebase_tim.c.obj
 .debug_info    0x00003f39      0xf02 CMakeFiles/CatchRobo2024-Arm.dir/Drivers/STM32F3xx_HAL_Driver/Src/stm32f3xx_hal_can.c.obj
 .debug_info    0x00004e3b      0x74a CMakeFiles/CatchRobo2024-Arm.dir/Drivers/STM32F3xx_HAL_Driver/Src/stm32f3xx_hal.c.obj
 .debug_info    0x00005585     0x148a CMakeFiles/CatchRobo2024-Arm.dir/Drivers/STM32F3xx_HAL_Driver/Src/stm32f3xx_hal_rcc.c.obj
 .debug_info    0x00006a0f      0x6a6 CMakeFiles/CatchRobo2024-Arm.dir/Drivers/STM32F3xx_HAL_Driver/Src/stm32f3xx_hal_gpio.c.obj
 .debug_info    0x000070b5      0xa87 CMakeFiles/CatchRobo2024-Arm.dir/Drivers/STM32F3xx_HAL_Driver/Src/stm32f3xx_hal_cortex.c.obj
 .debug_info    0x00007b3c     0x2a70 CMakeFiles/CatchRobo2024-Arm.dir/Drivers/STM32F3xx_HAL_Driver/Src/stm32f3xx_hal_tim.c.obj
 .debug_info    0x0000a5ac     0x156d CMakeFiles/CatchRobo2024-Arm.dir/Drivers/STM32F3xx_HAL_Driver/Src/stm32f3xx_hal_tim_ex.c.obj
 .debug_info    0x0000bb19     0x39a8 CMakeFiles/CatchRobo2024-Arm.dir/Drivers/STM32F3xx_HAL_Driver/Src/stm32f3xx_hal_uart.c.obj
 .debug_info    0x0000f4c1      0x407 CMakeFiles/CatchRobo2024-Arm.dir/Core/Src/system_stm32f3xx.c.obj
 .debug_info    0x0000f8c8       0x30 CMakeFiles/CatchRobo2024-Arm.dir/startup_stm32f303x8.s.obj

.debug_abbrev   0x00000000     0x1de1
 .debug_abbrev  0x00000000      0x309 CMakeFiles/CatchRobo2024-Arm.dir/Core/Src/main.c.obj
 .debug_abbrev  0x00000309      0x1c7 CMakeFiles/CatchRobo2024-Arm.dir/Core/Src/stm32f3xx_it.c.obj
 .debug_abbrev  0x000004d0      0x240 CMakeFiles/CatchRobo2024-Arm.dir/Core/Src/stm32f3xx_hal_msp.c.obj
 .debug_abbrev  0x00000710      0x1f4 CMakeFiles/CatchRobo2024-Arm.dir/Core/Src/stm32f3xx_hal_timebase_tim.c.obj
 .debug_abbrev  0x00000904      0x1fc CMakeFiles/CatchRobo2024-Arm.dir/Drivers/STM32F3xx_HAL_Driver/Src/stm32f3xx_hal_can.c.obj
 .debug_abbrev  0x00000b00      0x215 CMakeFiles/CatchRobo2024-Arm.dir/Drivers/STM32F3xx_HAL_Driver/Src/stm32f3xx_hal.c.obj
 .debug_abbrev  0x00000d15      0x300 CMakeFiles/CatchRobo2024-Arm.dir/Drivers/STM32F3xx_HAL_Driver/Src/stm32f3xx_hal_rcc.c.obj
 .debug_abbrev  0x00001015      0x1ca CMakeFiles/CatchRobo2024-Arm.dir/Drivers/STM32F3xx_HAL_Driver/Src/stm32f3xx_hal_gpio.c.obj
 .debug_abbrev  0x000011df      0x2f8 CMakeFiles/CatchRobo2024-Arm.dir/Drivers/STM32F3xx_HAL_Driver/Src/stm32f3xx_hal_cortex.c.obj
 .debug_abbrev  0x000014d7      0x278 CMakeFiles/CatchRobo2024-Arm.dir/Drivers/STM32F3xx_HAL_Driver/Src/stm32f3xx_hal_tim.c.obj
 .debug_abbrev  0x0000174f      0x283 CMakeFiles/CatchRobo2024-Arm.dir/Drivers/STM32F3xx_HAL_Driver/Src/stm32f3xx_hal_tim_ex.c.obj
 .debug_abbrev  0x000019d2      0x2d1 CMakeFiles/CatchRobo2024-Arm.dir/Drivers/STM32F3xx_HAL_Driver/Src/stm32f3xx_hal_uart.c.obj
 .debug_abbrev  0x00001ca3      0x11a CMakeFiles/CatchRobo2024-Arm.dir/Core/Src/system_stm32f3xx.c.obj
 .debug_abbrev  0x00001dbd       0x24 CMakeFiles/CatchRobo2024-Arm.dir/startup_stm32f303x8.s.obj

.debug_aranges  0x00000000      0xd20
 .debug_aranges
                0x00000000       0x58 CMakeFiles/CatchRobo2024-Arm.dir/Core/Src/main.c.obj
 .debug_aranges
                0x00000058       0x78 CMakeFiles/CatchRobo2024-Arm.dir/Core/Src/stm32f3xx_it.c.obj
 .debug_aranges
                0x000000d0       0x58 CMakeFiles/CatchRobo2024-Arm.dir/Core/Src/stm32f3xx_hal_msp.c.obj
 .debug_aranges
                0x00000128       0x30 CMakeFiles/CatchRobo2024-Arm.dir/Core/Src/stm32f3xx_hal_timebase_tim.c.obj
 .debug_aranges
                0x00000158      0x138 CMakeFiles/CatchRobo2024-Arm.dir/Drivers/STM32F3xx_HAL_Driver/Src/stm32f3xx_hal_can.c.obj
 .debug_aranges
                0x00000290       0xe0 CMakeFiles/CatchRobo2024-Arm.dir/Drivers/STM32F3xx_HAL_Driver/Src/stm32f3xx_hal.c.obj
 .debug_aranges
                0x00000370       0x88 CMakeFiles/CatchRobo2024-Arm.dir/Drivers/STM32F3xx_HAL_Driver/Src/stm32f3xx_hal_rcc.c.obj
 .debug_aranges
                0x000003f8       0x58 CMakeFiles/CatchRobo2024-Arm.dir/Drivers/STM32F3xx_HAL_Driver/Src/stm32f3xx_hal_gpio.c.obj
 .debug_aranges
                0x00000450      0x100 CMakeFiles/CatchRobo2024-Arm.dir/Drivers/STM32F3xx_HAL_Driver/Src/stm32f3xx_hal_cortex.c.obj
 .debug_aranges
                0x00000550      0x3e0 CMakeFiles/CatchRobo2024-Arm.dir/Drivers/STM32F3xx_HAL_Driver/Src/stm32f3xx_hal_tim.c.obj
 .debug_aranges
                0x00000930      0x178 CMakeFiles/CatchRobo2024-Arm.dir/Drivers/STM32F3xx_HAL_Driver/Src/stm32f3xx_hal_tim_ex.c.obj
 .debug_aranges
                0x00000aa8      0x228 CMakeFiles/CatchRobo2024-Arm.dir/Drivers/STM32F3xx_HAL_Driver/Src/stm32f3xx_hal_uart.c.obj
 .debug_aranges
                0x00000cd0       0x28 CMakeFiles/CatchRobo2024-Arm.dir/Core/Src/system_stm32f3xx.c.obj
 .debug_aranges
                0x00000cf8       0x28 CMakeFiles/CatchRobo2024-Arm.dir/startup_stm32f303x8.s.obj

.debug_rnglists
                0x00000000      0xa4b
 .debug_rnglists
                0x00000000       0x40 CMakeFiles/CatchRobo2024-Arm.dir/Core/Src/main.c.obj
 .debug_rnglists
                0x00000040       0x55 CMakeFiles/CatchRobo2024-Arm.dir/Core/Src/stm32f3xx_it.c.obj
 .debug_rnglists
                0x00000095       0x3f CMakeFiles/CatchRobo2024-Arm.dir/Core/Src/stm32f3xx_hal_msp.c.obj
 .debug_rnglists
                0x000000d4       0x20 CMakeFiles/CatchRobo2024-Arm.dir/Core/Src/stm32f3xx_hal_timebase_tim.c.obj
 .debug_rnglists
                0x000000f4       0xee CMakeFiles/CatchRobo2024-Arm.dir/Drivers/STM32F3xx_HAL_Driver/Src/stm32f3xx_hal_can.c.obj
 .debug_rnglists
                0x000001e2       0xa3 CMakeFiles/CatchRobo2024-Arm.dir/Drivers/STM32F3xx_HAL_Driver/Src/stm32f3xx_hal.c.obj
 .debug_rnglists
                0x00000285       0x66 CMakeFiles/CatchRobo2024-Arm.dir/Drivers/STM32F3xx_HAL_Driver/Src/stm32f3xx_hal_rcc.c.obj
 .debug_rnglists
                0x000002eb       0x3f CMakeFiles/CatchRobo2024-Arm.dir/Drivers/STM32F3xx_HAL_Driver/Src/stm32f3xx_hal_gpio.c.obj
 .debug_rnglists
                0x0000032a       0xbb CMakeFiles/CatchRobo2024-Arm.dir/Drivers/STM32F3xx_HAL_Driver/Src/stm32f3xx_hal_cortex.c.obj
 .debug_rnglists
                0x000003e5      0x328 CMakeFiles/CatchRobo2024-Arm.dir/Drivers/STM32F3xx_HAL_Driver/Src/stm32f3xx_hal_tim.c.obj
 .debug_rnglists
                0x0000070d      0x131 CMakeFiles/CatchRobo2024-Arm.dir/Drivers/STM32F3xx_HAL_Driver/Src/stm32f3xx_hal_tim_ex.c.obj
 .debug_rnglists
                0x0000083e      0x1da CMakeFiles/CatchRobo2024-Arm.dir/Drivers/STM32F3xx_HAL_Driver/Src/stm32f3xx_hal_uart.c.obj
 .debug_rnglists
                0x00000a18       0x1a CMakeFiles/CatchRobo2024-Arm.dir/Core/Src/system_stm32f3xx.c.obj
 .debug_rnglists
                0x00000a32       0x19 CMakeFiles/CatchRobo2024-Arm.dir/startup_stm32f303x8.s.obj

.debug_macro    0x00000000    0x1ae45
 .debug_macro   0x00000000      0x1f0 CMakeFiles/CatchRobo2024-Arm.dir/Core/Src/main.c.obj
 .debug_macro   0x000001f0      0xab4 CMakeFiles/CatchRobo2024-Arm.dir/Core/Src/main.c.obj
 .debug_macro   0x00000ca4      0x15d CMakeFiles/CatchRobo2024-Arm.dir/Core/Src/main.c.obj
 .debug_macro   0x00000e01       0x2e CMakeFiles/CatchRobo2024-Arm.dir/Core/Src/main.c.obj
 .debug_macro   0x00000e2f       0x28 CMakeFiles/CatchRobo2024-Arm.dir/Core/Src/main.c.obj
 .debug_macro   0x00000e57       0x22 CMakeFiles/CatchRobo2024-Arm.dir/Core/Src/main.c.obj
 .debug_macro   0x00000e79       0x8e CMakeFiles/CatchRobo2024-Arm.dir/Core/Src/main.c.obj
 .debug_macro   0x00000f07       0x51 CMakeFiles/CatchRobo2024-Arm.dir/Core/Src/main.c.obj
 .debug_macro   0x00000f58      0x103 CMakeFiles/CatchRobo2024-Arm.dir/Core/Src/main.c.obj
 .debug_macro   0x0000105b       0x6a CMakeFiles/CatchRobo2024-Arm.dir/Core/Src/main.c.obj
 .debug_macro   0x000010c5      0x1df CMakeFiles/CatchRobo2024-Arm.dir/Core/Src/main.c.obj
 .debug_macro   0x000012a4       0x1c CMakeFiles/CatchRobo2024-Arm.dir/Core/Src/main.c.obj
 .debug_macro   0x000012c0       0x22 CMakeFiles/CatchRobo2024-Arm.dir/Core/Src/main.c.obj
 .debug_macro   0x000012e2       0xd9 CMakeFiles/CatchRobo2024-Arm.dir/Core/Src/main.c.obj
 .debug_macro   0x000013bb      0xf07 CMakeFiles/CatchRobo2024-Arm.dir/Core/Src/main.c.obj
 .debug_macro   0x000022c2    0x10be0 CMakeFiles/CatchRobo2024-Arm.dir/Core/Src/main.c.obj
 .debug_macro   0x00012ea2       0x6d CMakeFiles/CatchRobo2024-Arm.dir/Core/Src/main.c.obj
 .debug_macro   0x00012f0f     0x3574 CMakeFiles/CatchRobo2024-Arm.dir/Core/Src/main.c.obj
 .debug_macro   0x00016483      0x189 CMakeFiles/CatchRobo2024-Arm.dir/Core/Src/main.c.obj
 .debug_macro   0x0001660c       0x55 CMakeFiles/CatchRobo2024-Arm.dir/Core/Src/main.c.obj
 .debug_macro   0x00016661      0x8f8 CMakeFiles/CatchRobo2024-Arm.dir/Core/Src/main.c.obj
 .debug_macro   0x00016f59      0x304 CMakeFiles/CatchRobo2024-Arm.dir/Core/Src/main.c.obj
 .debug_macro   0x0001725d      0x1b5 CMakeFiles/CatchRobo2024-Arm.dir/Core/Src/main.c.obj
 .debug_macro   0x00017412      0x11b CMakeFiles/CatchRobo2024-Arm.dir/Core/Src/main.c.obj
 .debug_macro   0x0001752d      0x1d5 CMakeFiles/CatchRobo2024-Arm.dir/Core/Src/main.c.obj
 .debug_macro   0x00017702      0x1bc CMakeFiles/CatchRobo2024-Arm.dir/Core/Src/main.c.obj
 .debug_macro   0x000178be       0x34 CMakeFiles/CatchRobo2024-Arm.dir/Core/Src/main.c.obj
 .debug_macro   0x000178f2       0x3c CMakeFiles/CatchRobo2024-Arm.dir/Core/Src/main.c.obj
 .debug_macro   0x0001792e       0x57 CMakeFiles/CatchRobo2024-Arm.dir/Core/Src/main.c.obj
 .debug_macro   0x00017985      0x408 CMakeFiles/CatchRobo2024-Arm.dir/Core/Src/main.c.obj
 .debug_macro   0x00017d8d       0xc5 CMakeFiles/CatchRobo2024-Arm.dir/Core/Src/main.c.obj
 .debug_macro   0x00017e52      0x19f CMakeFiles/CatchRobo2024-Arm.dir/Core/Src/main.c.obj
 .debug_macro   0x00017ff1      0x22c CMakeFiles/CatchRobo2024-Arm.dir/Core/Src/main.c.obj
 .debug_macro   0x0001821d       0x5b CMakeFiles/CatchRobo2024-Arm.dir/Core/Src/main.c.obj
 .debug_macro   0x00018278       0xa5 CMakeFiles/CatchRobo2024-Arm.dir/Core/Src/main.c.obj
 .debug_macro   0x0001831d       0x81 CMakeFiles/CatchRobo2024-Arm.dir/Core/Src/main.c.obj
 .debug_macro   0x0001839e       0xd3 CMakeFiles/CatchRobo2024-Arm.dir/Core/Src/main.c.obj
 .debug_macro   0x00018471      0xa60 CMakeFiles/CatchRobo2024-Arm.dir/Core/Src/main.c.obj
 .debug_macro   0x00018ed1       0x59 CMakeFiles/CatchRobo2024-Arm.dir/Core/Src/main.c.obj
 .debug_macro   0x00018f2a      0x5ba CMakeFiles/CatchRobo2024-Arm.dir/Core/Src/main.c.obj
 .debug_macro   0x000194e4       0x44 CMakeFiles/CatchRobo2024-Arm.dir/Core/Src/main.c.obj
 .debug_macro   0x00019528      0x285 CMakeFiles/CatchRobo2024-Arm.dir/Core/Src/main.c.obj
 .debug_macro   0x000197ad       0x40 CMakeFiles/CatchRobo2024-Arm.dir/Core/Src/main.c.obj
 .debug_macro   0x000197ed      0x1e8 CMakeFiles/CatchRobo2024-Arm.dir/Core/Src/stm32f3xx_it.c.obj
 .debug_macro   0x000199d5      0x1de CMakeFiles/CatchRobo2024-Arm.dir/Core/Src/stm32f3xx_hal_msp.c.obj
 .debug_macro   0x00019bb3      0x1cf CMakeFiles/CatchRobo2024-Arm.dir/Core/Src/stm32f3xx_hal_timebase_tim.c.obj
 .debug_macro   0x00019d82      0x1de CMakeFiles/CatchRobo2024-Arm.dir/Drivers/STM32F3xx_HAL_Driver/Src/stm32f3xx_hal_can.c.obj
 .debug_macro   0x00019f60      0x1f3 CMakeFiles/CatchRobo2024-Arm.dir/Drivers/STM32F3xx_HAL_Driver/Src/stm32f3xx_hal.c.obj
 .debug_macro   0x0001a153      0x1f3 CMakeFiles/CatchRobo2024-Arm.dir/Drivers/STM32F3xx_HAL_Driver/Src/stm32f3xx_hal_rcc.c.obj
 .debug_macro   0x0001a346      0x1d6 CMakeFiles/CatchRobo2024-Arm.dir/Drivers/STM32F3xx_HAL_Driver/Src/stm32f3xx_hal_gpio.c.obj
 .debug_macro   0x0001a51c      0x1cf CMakeFiles/CatchRobo2024-Arm.dir/Drivers/STM32F3xx_HAL_Driver/Src/stm32f3xx_hal_cortex.c.obj
 .debug_macro   0x0001a6eb      0x1d0 CMakeFiles/CatchRobo2024-Arm.dir/Drivers/STM32F3xx_HAL_Driver/Src/stm32f3xx_hal_tim.c.obj
 .debug_macro   0x0001a8bb      0x1cf CMakeFiles/CatchRobo2024-Arm.dir/Drivers/STM32F3xx_HAL_Driver/Src/stm32f3xx_hal_tim_ex.c.obj
 .debug_macro   0x0001aa8a      0x1ec CMakeFiles/CatchRobo2024-Arm.dir/Drivers/STM32F3xx_HAL_Driver/Src/stm32f3xx_hal_uart.c.obj
 .debug_macro   0x0001ac76      0x1cf CMakeFiles/CatchRobo2024-Arm.dir/Core/Src/system_stm32f3xx.c.obj

.debug_line     0x00000000     0xfc2f
 .debug_line    0x00000000      0x9bd CMakeFiles/CatchRobo2024-Arm.dir/Core/Src/main.c.obj
 .debug_line    0x000009bd      0x891 CMakeFiles/CatchRobo2024-Arm.dir/Core/Src/stm32f3xx_it.c.obj
 .debug_line    0x0000124e      0x893 CMakeFiles/CatchRobo2024-Arm.dir/Core/Src/stm32f3xx_hal_msp.c.obj
 .debug_line    0x00001ae1      0x807 CMakeFiles/CatchRobo2024-Arm.dir/Core/Src/stm32f3xx_hal_timebase_tim.c.obj
 .debug_line    0x000022e8     0x1217 CMakeFiles/CatchRobo2024-Arm.dir/Drivers/STM32F3xx_HAL_Driver/Src/stm32f3xx_hal_can.c.obj
 .debug_line    0x000034ff      0xa3d CMakeFiles/CatchRobo2024-Arm.dir/Drivers/STM32F3xx_HAL_Driver/Src/stm32f3xx_hal.c.obj
 .debug_line    0x00003f3c     0x13d2 CMakeFiles/CatchRobo2024-Arm.dir/Drivers/STM32F3xx_HAL_Driver/Src/stm32f3xx_hal_rcc.c.obj
 .debug_line    0x0000530e      0xba0 CMakeFiles/CatchRobo2024-Arm.dir/Drivers/STM32F3xx_HAL_Driver/Src/stm32f3xx_hal_gpio.c.obj
 .debug_line    0x00005eae      0xc23 CMakeFiles/CatchRobo2024-Arm.dir/Drivers/STM32F3xx_HAL_Driver/Src/stm32f3xx_hal_cortex.c.obj
 .debug_line    0x00006ad1     0x3d1b CMakeFiles/CatchRobo2024-Arm.dir/Drivers/STM32F3xx_HAL_Driver/Src/stm32f3xx_hal_tim.c.obj
 .debug_line    0x0000a7ec     0x1aa9 CMakeFiles/CatchRobo2024-Arm.dir/Drivers/STM32F3xx_HAL_Driver/Src/stm32f3xx_hal_tim_ex.c.obj
 .debug_line    0x0000c295     0x311b CMakeFiles/CatchRobo2024-Arm.dir/Drivers/STM32F3xx_HAL_Driver/Src/stm32f3xx_hal_uart.c.obj
 .debug_line    0x0000f3b0      0x805 CMakeFiles/CatchRobo2024-Arm.dir/Core/Src/system_stm32f3xx.c.obj
 .debug_line    0x0000fbb5       0x7a CMakeFiles/CatchRobo2024-Arm.dir/startup_stm32f303x8.s.obj

.debug_str      0x00000000    0xa36b2
 .debug_str     0x00000000    0xa0582 CMakeFiles/CatchRobo2024-Arm.dir/Core/Src/main.c.obj
                              0xa08f2 (size before relaxing)
 .debug_str     0x000a0582      0x125 CMakeFiles/CatchRobo2024-Arm.dir/Core/Src/stm32f3xx_it.c.obj
                              0xa00f4 (size before relaxing)
 .debug_str     0x000a06a7      0x367 CMakeFiles/CatchRobo2024-Arm.dir/Core/Src/stm32f3xx_hal_msp.c.obj
                              0xa06ed (size before relaxing)
 .debug_str     0x000a0a0e      0x12a CMakeFiles/CatchRobo2024-Arm.dir/Core/Src/stm32f3xx_hal_timebase_tim.c.obj
                              0xa019a (size before relaxing)
 .debug_str     0x000a0b38      0x453 CMakeFiles/CatchRobo2024-Arm.dir/Drivers/STM32F3xx_HAL_Driver/Src/stm32f3xx_hal_can.c.obj
                              0xa0075 (size before relaxing)
 .debug_str     0x000a0f8b      0x376 CMakeFiles/CatchRobo2024-Arm.dir/Drivers/STM32F3xx_HAL_Driver/Src/stm32f3xx_hal.c.obj
                              0x9ffd6 (size before relaxing)
 .debug_str     0x000a1301      0x2d2 CMakeFiles/CatchRobo2024-Arm.dir/Drivers/STM32F3xx_HAL_Driver/Src/stm32f3xx_hal_rcc.c.obj
                              0x9fd86 (size before relaxing)
 .debug_str     0x000a15d3      0x195 CMakeFiles/CatchRobo2024-Arm.dir/Drivers/STM32F3xx_HAL_Driver/Src/stm32f3xx_hal_gpio.c.obj
                              0x9fac5 (size before relaxing)
 .debug_str     0x000a1768      0x295 CMakeFiles/CatchRobo2024-Arm.dir/Drivers/STM32F3xx_HAL_Driver/Src/stm32f3xx_hal_cortex.c.obj
                              0x9fefb (size before relaxing)
 .debug_str     0x000a19fd      0xe1d CMakeFiles/CatchRobo2024-Arm.dir/Drivers/STM32F3xx_HAL_Driver/Src/stm32f3xx_hal_tim.c.obj
                              0xa0d1d (size before relaxing)
 .debug_str     0x000a281a      0x505 CMakeFiles/CatchRobo2024-Arm.dir/Drivers/STM32F3xx_HAL_Driver/Src/stm32f3xx_hal_tim_ex.c.obj
                              0xa0563 (size before relaxing)
 .debug_str     0x000a2d1f      0x8ad CMakeFiles/CatchRobo2024-Arm.dir/Drivers/STM32F3xx_HAL_Driver/Src/stm32f3xx_hal_uart.c.obj
                              0xa0609 (size before relaxing)
 .debug_str     0x000a35cc       0x88 CMakeFiles/CatchRobo2024-Arm.dir/Core/Src/system_stm32f3xx.c.obj
                              0x9f8e6 (size before relaxing)
 .debug_str     0x000a3654       0x5e CMakeFiles/CatchRobo2024-Arm.dir/startup_stm32f303x8.s.obj
                                 0x96 (size before relaxing)

.comment        0x00000000       0x43
 .comment       0x00000000       0x43 CMakeFiles/CatchRobo2024-Arm.dir/Core/Src/main.c.obj
                                 0x44 (size before relaxing)
 .comment       0x00000043       0x44 CMakeFiles/CatchRobo2024-Arm.dir/Core/Src/stm32f3xx_it.c.obj
 .comment       0x00000043       0x44 CMakeFiles/CatchRobo2024-Arm.dir/Core/Src/stm32f3xx_hal_msp.c.obj
 .comment       0x00000043       0x44 CMakeFiles/CatchRobo2024-Arm.dir/Core/Src/stm32f3xx_hal_timebase_tim.c.obj
 .comment       0x00000043       0x44 CMakeFiles/CatchRobo2024-Arm.dir/Drivers/STM32F3xx_HAL_Driver/Src/stm32f3xx_hal_can.c.obj
 .comment       0x00000043       0x44 CMakeFiles/CatchRobo2024-Arm.dir/Drivers/STM32F3xx_HAL_Driver/Src/stm32f3xx_hal.c.obj
 .comment       0x00000043       0x44 CMakeFiles/CatchRobo2024-Arm.dir/Drivers/STM32F3xx_HAL_Driver/Src/stm32f3xx_hal_rcc.c.obj
 .comment       0x00000043       0x44 CMakeFiles/CatchRobo2024-Arm.dir/Drivers/STM32F3xx_HAL_Driver/Src/stm32f3xx_hal_gpio.c.obj
 .comment       0x00000043       0x44 CMakeFiles/CatchRobo2024-Arm.dir/Drivers/STM32F3xx_HAL_Driver/Src/stm32f3xx_hal_cortex.c.obj
 .comment       0x00000043       0x44 CMakeFiles/CatchRobo2024-Arm.dir/Drivers/STM32F3xx_HAL_Driver/Src/stm32f3xx_hal_tim.c.obj
 .comment       0x00000043       0x44 CMakeFiles/CatchRobo2024-Arm.dir/Drivers/STM32F3xx_HAL_Driver/Src/stm32f3xx_hal_tim_ex.c.obj
 .comment       0x00000043       0x44 CMakeFiles/CatchRobo2024-Arm.dir/Drivers/STM32F3xx_HAL_Driver/Src/stm32f3xx_hal_uart.c.obj
 .comment       0x00000043       0x44 CMakeFiles/CatchRobo2024-Arm.dir/Core/Src/system_stm32f3xx.c.obj

.debug_line_str
                0x00000000       0x7a
 .debug_line_str
                0x00000000       0x7a CMakeFiles/CatchRobo2024-Arm.dir/startup_stm32f303x8.s.obj
